99.07.24 17:52 B C:\frakster\route66\web\images\day1_funksgrove2.JPG --> unix.amherst.edu /user02/befranke/public_html/route66/images day1_funksgrove2.JPG
99.07.24 17:52 B C:\frakster\route66\web\images\day1_funkSign.jpg --> unix.amherst.edu /user02/befranke/public_html/route66/images day1_funkSign.jpg
99.07.24 17:53 B C:\frakster\route66\web\images\day1_janesHouse.jpg --> unix.amherst.edu /user02/befranke/public_html/route66/images day1_janesHouse.jpg
99.07.24 17:53 B C:\frakster\route66\web\images\day1_spaceMan2.JPG --> unix.amherst.edu /user02/befranke/public_html/route66/images day1_spaceMan2.JPG
99.07.24 17:53 B C:\frakster\route66\web\images\day2_BootsMotel.jpg --> unix.amherst.edu /user02/befranke/public_html/route66/images day2_BootsMotel.jpg
99.07.24 17:53 B C:\frakster\route66\web\images\day2_caverns.jpg --> unix.amherst.edu /user02/befranke/public_html/route66/images day2_caverns.jpg
99.07.24 17:53 B C:\frakster\route66\web\images\day2_Fountain.jpg --> unix.amherst.edu /user02/befranke/public_html/route66/images day2_Fountain.jpg
99.07.24 17:53 B C:\frakster\route66\web\images\day2_lassie.jpg --> unix.amherst.edu /user02/befranke/public_html/route66/images day2_lassie.jpg
99.07.24 17:53 B C:\frakster\route66\web\images\day2_Rita's.jpg --> unix.amherst.edu /user02/befranke/public_html/route66/images day2_Rita's.jpg
99.07.24 17:53 B C:\frakster\route66\web\images\route66Sign.gif --> unix.amherst.edu /user02/befranke/public_html/route66/images route66Sign.gif
99.07.24 17:53 B C:\frakster\route66\web\images\spacer.gif --> unix.amherst.edu /user02/befranke/public_html/route66/images spacer.gif
99.07.25 00:52 B C:\frakster\route66\web\images\index.html --> unix.amherst.edu /user02/befranke/public_html/route66 index.html
99.07.25 00:52 B C:\frakster\route66\web\images\day3_blueWhale.jpg --> unix.amherst.edu /user02/befranke/public_html/route66 day3_blueWhale.jpg
99.07.25 00:53 B C:\frakster\route66\web\images\day3_blueWhale.jpg --> unix.amherst.edu /user02/befranke/public_html/route66/images day3_blueWhale.jpg
99.07.25 00:53 B C:\frakster\route66\web\images\day3_buffaloBurger.jpg --> unix.amherst.edu /user02/befranke/public_html/route66/images day3_buffaloBurger.jpg
99.07.25 00:53 B C:\frakster\route66\web\images\day3_kansas.jpg --> unix.amherst.edu /user02/befranke/public_html/route66/images day3_kansas.jpg
99.07.25 00:53 B C:\frakster\route66\web\images\day3_postHug.jpg --> unix.amherst.edu /user02/befranke/public_html/route66/images day3_postHug.jpg
99.07.25 00:53 B C:\frakster\route66\web\images\day3_StoreSign.jpg --> unix.amherst.edu /user02/befranke/public_html/route66/images day3_StoreSign.jpg
99.07.25 00:53 B C:\frakster\route66\web\images\day3_tank.jpg --> unix.amherst.edu /user02/befranke/public_html/route66/images day3_tank.jpg
99.07.25 00:53 B C:\frakster\route66\web\images\day3_TeePee.jpg --> unix.amherst.edu /user02/befranke/public_html/route66/images day3_TeePee.jpg
99.07.26 09:56 B C:\frakster\route66\web\images\day4_lucilles.jpg --> unix.amherst.edu /user02/befranke/public_html/route66/images day4_lucilles.jpg
99.07.26 09:56 B C:\frakster\route66\web\images\day4_lunch.jpg --> unix.amherst.edu /user02/befranke/public_html/route66/images day4_lunch.jpg
99.07.26 09:56 B C:\frakster\route66\web\images\day4_museum.jpg --> unix.amherst.edu /user02/befranke/public_html/route66/images day4_museum.jpg
99.07.26 09:56 B C:\frakster\route66\web\images\day4_roadsheild2.jpg --> unix.amherst.edu /user02/befranke/public_html/route66/images day4_roadsheild2.jpg
99.07.27 00:30 B C:\frakster\route66\web\images\day5_BakerTruck.jpg --> unix.amherst.edu /user02/befranke/public_html/route66/images day5_BakerTruck.jpg
99.07.27 00:30 B C:\frakster\route66\web\images\day5_cadillacRanch.jpg --> unix.amherst.edu /user02/befranke/public_html/route66/images day5_cadillacRanch.jpg
99.07.27 00:30 B C:\frakster\route66\web\images\day5_leaningTower.jpg --> unix.amherst.edu /user02/befranke/public_html/route66/images day5_leaningTower.jpg
99.07.27 00:30 B C:\frakster\route66\web\images\day5_tributeToBarb.jpg --> unix.amherst.edu /user02/befranke/public_html/route66/images day5_tributeToBarb.jpg
99.07.27 00:30 B C:\frakster\route66\web\images\day5_udropinn.jpg --> unix.amherst.edu /user02/befranke/public_html/route66/images day5_udropinn.jpg
99.07.28 00:37 B C:\frakster\route66\web\images\day6_BebeAndBurts.jpg --> unix.amherst.edu /user02/befranke/public_html/route66/images day6_BebeAndBurts.jpg
99.07.28 00:37 B C:\frakster\route66\web\images\day6_blow.jpg --> unix.amherst.edu /user02/befranke/public_html/route66/images day6_blow.jpg
99.07.28 00:38 B C:\frakster\route66\web\images\day6_bumperPoetry.jpg --> unix.amherst.edu /user02/befranke/public_html/route66/images day6_bumperPoetry.jpg
99.07.28 00:38 B C:\frakster\route66\web\images\day6_hole.jpg --> unix.amherst.edu /user02/befranke/public_html/route66/images day6_hole.jpg
99.07.28 00:38 B C:\frakster\route66\web\images\day6_santaRosa.jpg --> unix.amherst.edu /user02/befranke/public_html/route66/images day6_santaRosa.jpg
99.07.28 00:38 B C:\frakster\route66\web\images\day6_weirdSculpture.jpg --> unix.amherst.edu /user02/befranke/public_html/route66/images day6_weirdSculpture.jpg
99.07.29 02:31 B C:\frakster\route66\web\images\day7_4atPetrifiedForest.jpg --> unix.amherst.edu /user02/befranke/public_html/route66/images day7_4atPetrifiedForest.jpg
99.07.29 02:31 B C:\frakster\route66\web\images\day7_cliff.jpg --> unix.amherst.edu /user02/befranke/public_html/route66/images day7_cliff.jpg
99.07.29 02:31 B C:\frakster\route66\web\images\day7_lunch.jpg --> unix.amherst.edu /user02/befranke/public_html/route66/images day7_lunch.jpg
99.07.29 02:31 B C:\frakster\route66\web\images\day7_middleFinger.JPG --> unix.amherst.edu /user02/befranke/public_html/route66/images day7_middleFinger.JPG
99.07.29 02:31 B C:\frakster\route66\web\images\day7_teepee.jpg --> unix.amherst.edu /user02/befranke/public_html/route66/images day7_teepee.jpg
99.07.29 02:31 B C:\frakster\route66\web\images\day7_twinArrows.jpg --> unix.amherst.edu /user02/befranke/public_html/route66/images day7_twinArrows.jpg
99.07.30 13:18 B C:\frakster\route66\web\images\day8_angel.jpg --> unix.amherst.edu /user02/befranke/public_html/route66/images day8_angel.jpg
99.07.30 13:18 B C:\frakster\route66\web\images\day8_canyon.jpg --> unix.amherst.edu /user02/befranke/public_html/route66/images day8_canyon.jpg
99.07.30 13:18 B C:\frakster\route66\web\images\day8_cowboy.jpg --> unix.amherst.edu /user02/befranke/public_html/route66/images day8_cowboy.jpg
99.07.30 13:18 B C:\frakster\route66\web\images\day8_crashedVan.jpg --> unix.amherst.edu /user02/befranke/public_html/route66/images day8_crashedVan.jpg
99.07.30 13:18 B C:\frakster\route66\web\images\day8_flashfloodSign.jpg --> unix.amherst.edu /user02/befranke/public_html/route66/images day8_flashfloodSign.jpg
99.07.30 13:18 B C:\frakster\route66\web\images\day8_juans.jpg --> unix.amherst.edu /user02/befranke/public_html/route66/images day8_juans.jpg
99.07.30 13:18 B C:\frakster\route66\web\images\day8_LAChicagoTruck.jpg --> unix.amherst.edu /user02/befranke/public_html/route66/images day8_LAChicagoTruck.jpg
99.07.30 13:19 B C:\frakster\route66\web\images\day8_lunch.jpg --> unix.amherst.edu /user02/befranke/public_html/route66/images day8_lunch.jpg
99.07.30 13:19 B C:\frakster\route66\web\images\day8_vanOnRoad.jpg --> unix.amherst.edu /user02/befranke/public_html/route66/images day8_vanOnRoad.jpg
99.07.31 02:35 B C:\frakster\route66\web\images\day9_beach2.jpg --> unix.amherst.edu /user02/befranke/public_html/route66/images day9_beach2.jpg
99.07.31 02:35 B C:\frakster\route66\web\images\day9_graffiti.jpg --> unix.amherst.edu /user02/befranke/public_html/route66/images day9_graffiti.jpg
99.07.31 02:35 B C:\frakster\route66\web\images\day9_lunch.jpg --> unix.amherst.edu /user02/befranke/public_html/route66/images day9_lunch.jpg
99.07.31 02:36 B C:\frakster\route66\web\images\day9_pier.jpg --> unix.amherst.edu /user02/befranke/public_html/route66/images day9_pier.jpg
99.07.31 02:36 B C:\frakster\route66\web\images\day9_Shandel.jpg --> unix.amherst.edu /user02/befranke/public_html/route66/images day9_Shandel.jpg
99.08.01 13:42 B C:\frakster\route66\web\images\day10_3rdStreet.jpg --> unix.amherst.edu /user02/befranke/public_html/route66/images day10_3rdStreet.jpg
99.08.01 13:42 B C:\frakster\route66\web\images\day10_cpk.jpg --> unix.amherst.edu /user02/befranke/public_html/route66/images day10_cpk.jpg
99.08.01 13:42 B C:\frakster\route66\web\images\day10_jaysPool.jpg --> unix.amherst.edu /user02/befranke/public_html/route66/images day10_jaysPool.jpg
99.08.01 13:42 B C:\frakster\route66\web\images\day10_pier.jpg --> unix.amherst.edu /user02/befranke/public_html/route66/images day10_pier.jpg
99.08.01 13:42 B C:\frakster\route66\web\images\day10_piggyBack.jpg --> unix.amherst.edu /user02/befranke/public_html/route66/images day10_piggyBack.jpg
99.08.01 13:43 B C:\frakster\route66\web\images\day11_bunny.JPG --> unix.amherst.edu /user02/befranke/public_html/route66/images day11_bunny.JPG
99.08.01 13:43 B C:\frakster\route66\web\images\day11_cabin.JPG --> unix.amherst.edu /user02/befranke/public_html/route66/images day11_cabin.JPG
99.08.01 13:43 B C:\frakster\route66\web\images\day11_jaysHouse.JPG --> unix.amherst.edu /user02/befranke/public_html/route66/images day11_jaysHouse.JPG
99.08.03 02:30 B C:\frakster\route66\web\images\day12_alcatraz.jpg --> unix.amherst.edu /user02/befranke/public_html/route66/images day12_alcatraz.jpg
99.08.03 02:30 B C:\frakster\route66\web\images\day12_sanFranStreet.jpg --> unix.amherst.edu /user02/befranke/public_html/route66/images day12_sanFranStreet.jpg
