99.07.24 17:54 B C:\frakster\route66\web\day1.html --> unix.amherst.edu /user02/befranke/public_html/route66 day1.html
99.07.24 17:54 B C:\frakster\route66\web\day2.htm --> unix.amherst.edu /user02/befranke/public_html/route66 day2.htm
99.07.24 17:54 B C:\frakster\route66\web\spacer.gif --> unix.amherst.edu /user02/befranke/public_html/route66 spacer.gif
99.07.24 18:04 B C:\frakster\route66\web\day1.html --> unix.amherst.edu /user02/befranke/public_html/route66 day1.html
99.07.24 18:06 B C:\frakster\route66\web\index.html --> unix.amherst.edu /user02/befranke/public_html/route66 index.html
99.07.24 23:09 B C:\frakster\route66\web\day2.html <-- baker on unix /user02/befranke/public_html/route66 day2.html
99.07.24 23:14 B C:\frakster\route66\web\day2.html --> unix.amherst.edu /user02/befranke/public_html/route66 day2.html
99.07.24 23:14 B C:\frakster\route66\web\index.html --> unix.amherst.edu /user02/befranke/public_html/route66 index.html
99.07.24 23:20 B C:\frakster\route66\web\day1.html --> unix.amherst.edu /user02/befranke/public_html/route66 day1.html
99.07.24 23:22 B C:\frakster\route66\web\day2.html --> unix.amherst.edu /user02/befranke/public_html/route66 day2.html
99.07.24 23:25 B C:\frakster\route66\web\day2.html --> unix.amherst.edu /user02/befranke/public_html/route66 day2.html
99.07.24 23:25 B C:\frakster\route66\web\index.html --> unix.amherst.edu /user02/befranke/public_html/route66 index.html
99.07.25 00:52 B C:\frakster\route66\web\day1.html --> unix.amherst.edu /user02/befranke/public_html/route66 day1.html
99.07.25 00:52 B C:\frakster\route66\web\day2.html --> unix.amherst.edu /user02/befranke/public_html/route66 day2.html
99.07.25 00:52 B C:\frakster\route66\web\day3.html --> unix.amherst.edu /user02/befranke/public_html/route66 day3.html
99.07.25 00:58 B C:\frakster\route66\web\day3.html --> unix.amherst.edu /user02/befranke/public_html/route66 day3.html
99.07.25 00:59 B C:\frakster\route66\web\index.html --> unix.amherst.edu /user02/befranke/public_html/route66 index.html
99.07.25 01:02 B C:\frakster\route66\web\day3.html --> unix.amherst.edu /user02/befranke/public_html/route66 day3.html
99.07.25 01:03 B C:\frakster\route66\web\index.html --> unix.amherst.edu /user02/befranke/public_html/route66 index.html
99.07.25 01:04 B C:\frakster\route66\web\day3.html --> unix.amherst.edu /user02/befranke/public_html/route66 day3.html
99.07.25 01:04 B C:\frakster\route66\web\index.html --> unix.amherst.edu /user02/befranke/public_html/route66 index.html
99.07.25 01:19 B C:\frakster\route66\web\day1.html --> unix.amherst.edu /user02/befranke/public_html/route66 day1.html
99.07.25 01:19 B C:\frakster\route66\web\day2.html --> unix.amherst.edu /user02/befranke/public_html/route66 day2.html
99.07.25 01:19 B C:\frakster\route66\web\day3.html --> unix.amherst.edu /user02/befranke/public_html/route66 day3.html
99.07.25 01:19 B C:\frakster\route66\web\index.html --> unix.amherst.edu /user02/befranke/public_html/route66 index.html
99.07.26 09:56 B C:\frakster\route66\web\day4_treeTunnel.jpg --> unix.amherst.edu /user02/befranke/public_html/route66/images day4_treeTunnel.jpg
99.07.26 09:57 B C:\frakster\route66\web\day1.html --> unix.amherst.edu /user02/befranke/public_html/route66 day1.html
99.07.26 09:57 B C:\frakster\route66\web\day2.html --> unix.amherst.edu /user02/befranke/public_html/route66 day2.html
99.07.26 09:57 B C:\frakster\route66\web\day3.html --> unix.amherst.edu /user02/befranke/public_html/route66 day3.html
99.07.26 09:57 B C:\frakster\route66\web\day4.html --> unix.amherst.edu /user02/befranke/public_html/route66 day4.html
99.07.26 09:57 B C:\frakster\route66\web\index.html --> unix.amherst.edu /user02/befranke/public_html/route66 index.html
99.07.26 10:00 B C:\frakster\route66\web\day4.html --> unix.amherst.edu /user02/befranke/public_html/route66 day4.html
99.07.26 10:01 B C:\frakster\route66\web\index.html --> unix.amherst.edu /user02/befranke/public_html/route66 index.html
99.07.26 10:07 B C:\frakster\route66\web\index.html --> unix.amherst.edu /user02/befranke/public_html/route66 index.html
99.07.26 10:09 B C:\frakster\route66\web\index.html --> unix.amherst.edu /user02/befranke/public_html/route66 index.html
99.07.26 10:10 B C:\frakster\route66\web\index.html --> unix.amherst.edu /user02/befranke/public_html/route66 index.html
99.07.26 10:14 B C:\frakster\route66\web\index.html --> unix.amherst.edu /user02/befranke/public_html/route66 index.html
99.07.27 00:31 B C:\frakster\route66\web\day1.html --> unix.amherst.edu /user02/befranke/public_html/route66 day1.html
99.07.27 00:31 B C:\frakster\route66\web\day2.html --> unix.amherst.edu /user02/befranke/public_html/route66 day2.html
99.07.27 00:31 B C:\frakster\route66\web\day3.html --> unix.amherst.edu /user02/befranke/public_html/route66 day3.html
99.07.27 00:31 B C:\frakster\route66\web\day4.html --> unix.amherst.edu /user02/befranke/public_html/route66 day4.html
99.07.27 00:31 B C:\frakster\route66\web\day5.html --> unix.amherst.edu /user02/befranke/public_html/route66 day5.html
99.07.27 00:31 B C:\frakster\route66\web\index.html --> unix.amherst.edu /user02/befranke/public_html/route66 index.html
99.07.27 00:35 B C:\frakster\route66\web\day5.html --> unix.amherst.edu /user02/befranke/public_html/route66 day5.html
99.07.27 00:35 B C:\frakster\route66\web\index.html --> unix.amherst.edu /user02/befranke/public_html/route66 index.html
99.07.27 00:37 B C:\frakster\route66\web\day5.html --> unix.amherst.edu /user02/befranke/public_html/route66 day5.html
99.07.27 00:37 B C:\frakster\route66\web\index.html --> unix.amherst.edu /user02/befranke/public_html/route66 index.html
99.07.28 00:38 B C:\frakster\route66\web\day1.html --> unix.amherst.edu /user02/befranke/public_html/route66 day1.html
99.07.28 00:38 B C:\frakster\route66\web\day2.html --> unix.amherst.edu /user02/befranke/public_html/route66 day2.html
99.07.28 00:38 B C:\frakster\route66\web\day3.html --> unix.amherst.edu /user02/befranke/public_html/route66 day3.html
99.07.28 00:38 B C:\frakster\route66\web\day4.html --> unix.amherst.edu /user02/befranke/public_html/route66 day4.html
99.07.28 00:38 B C:\frakster\route66\web\day5.html --> unix.amherst.edu /user02/befranke/public_html/route66 day5.html
99.07.28 00:39 B C:\frakster\route66\web\day6.html --> unix.amherst.edu /user02/befranke/public_html/route66 day6.html
99.07.28 00:39 B C:\frakster\route66\web\index.html --> unix.amherst.edu /user02/befranke/public_html/route66 index.html
99.07.28 00:42 B C:\frakster\route66\web\day6.html --> unix.amherst.edu /user02/befranke/public_html/route66 day6.html
99.07.28 00:43 B C:\frakster\route66\web\day6.html --> unix.amherst.edu /user02/befranke/public_html/route66 day6.html
99.07.28 00:43 B C:\frakster\route66\web\index.html --> unix.amherst.edu /user02/befranke/public_html/route66 index.html
99.07.29 02:29 B C:\frakster\route66\web\day1.html --> unix.amherst.edu /user02/befranke/public_html/route66/images day1.html
99.07.29 02:29 B C:\frakster\route66\web\day2.html --> unix.amherst.edu /user02/befranke/public_html/route66/images day2.html
99.07.29 02:29 B C:\frakster\route66\web\day3.html --> unix.amherst.edu /user02/befranke/public_html/route66/images day3.html
99.07.29 02:29 B C:\frakster\route66\web\day4.html --> unix.amherst.edu /user02/befranke/public_html/route66/images day4.html
99.07.29 02:29 B C:\frakster\route66\web\day5.html --> unix.amherst.edu /user02/befranke/public_html/route66/images day5.html
99.07.29 02:30 B C:\frakster\route66\web\day1.html --> unix.amherst.edu /user02/befranke/public_html/route66 day1.html
99.07.29 02:30 B C:\frakster\route66\web\day2.html --> unix.amherst.edu /user02/befranke/public_html/route66 day2.html
99.07.29 02:30 B C:\frakster\route66\web\day3.html --> unix.amherst.edu /user02/befranke/public_html/route66 day3.html
99.07.29 02:30 B C:\frakster\route66\web\day4.html --> unix.amherst.edu /user02/befranke/public_html/route66 day4.html
99.07.29 02:30 B C:\frakster\route66\web\day5.html --> unix.amherst.edu /user02/befranke/public_html/route66 day5.html
99.07.29 02:30 B C:\frakster\route66\web\day6.html --> unix.amherst.edu /user02/befranke/public_html/route66 day6.html
99.07.29 02:30 B C:\frakster\route66\web\day7.html --> unix.amherst.edu /user02/befranke/public_html/route66 day7.html
99.07.29 02:30 B C:\frakster\route66\web\index.html --> unix.amherst.edu /user02/befranke/public_html/route66 index.html
99.07.30 13:21 B C:\frakster\route66\web\day1.html --> unix.amherst.edu /user02/befranke/public_html/route66 day1.html
99.07.30 13:21 B C:\frakster\route66\web\day2.html --> unix.amherst.edu /user02/befranke/public_html/route66 day2.html
99.07.30 13:21 B C:\frakster\route66\web\day3.html --> unix.amherst.edu /user02/befranke/public_html/route66 day3.html
99.07.30 13:21 B C:\frakster\route66\web\day4.html --> unix.amherst.edu /user02/befranke/public_html/route66 day4.html
99.07.30 13:21 B C:\frakster\route66\web\day5.html --> unix.amherst.edu /user02/befranke/public_html/route66 day5.html
99.07.30 13:21 B C:\frakster\route66\web\day6.html --> unix.amherst.edu /user02/befranke/public_html/route66 day6.html
99.07.30 13:21 B C:\frakster\route66\web\day7.html --> unix.amherst.edu /user02/befranke/public_html/route66 day7.html
99.07.30 13:21 B C:\frakster\route66\web\day8.html --> unix.amherst.edu /user02/befranke/public_html/route66 day8.html
99.07.30 13:28 B C:\frakster\route66\web\day8.html --> unix.amherst.edu /user02/befranke/public_html/route66 day8.html
99.07.30 13:28 B C:\frakster\route66\web\index.html --> unix.amherst.edu /user02/befranke/public_html/route66 index.html
99.07.30 13:29 B C:\frakster\route66\web\day8.html --> unix.amherst.edu /user02/befranke/public_html/route66 day8.html
99.07.30 13:29 B C:\frakster\route66\web\index.html --> unix.amherst.edu /user02/befranke/public_html/route66 index.html
99.07.31 02:36 B C:\frakster\route66\web\day1.html --> unix.amherst.edu /user02/befranke/public_html/route66 day1.html
99.07.31 02:36 B C:\frakster\route66\web\day2.html --> unix.amherst.edu /user02/befranke/public_html/route66 day2.html
99.07.31 02:36 B C:\frakster\route66\web\day3.html --> unix.amherst.edu /user02/befranke/public_html/route66 day3.html
99.07.31 02:36 B C:\frakster\route66\web\day4.html --> unix.amherst.edu /user02/befranke/public_html/route66 day4.html
99.07.31 02:36 B C:\frakster\route66\web\day5.html --> unix.amherst.edu /user02/befranke/public_html/route66 day5.html
99.07.31 02:36 B C:\frakster\route66\web\day6.html --> unix.amherst.edu /user02/befranke/public_html/route66 day6.html
99.07.31 02:36 B C:\frakster\route66\web\day7.html --> unix.amherst.edu /user02/befranke/public_html/route66 day7.html
99.07.31 02:37 B C:\frakster\route66\web\day8.html --> unix.amherst.edu /user02/befranke/public_html/route66 day8.html
99.07.31 02:37 B C:\frakster\route66\web\day9.html --> unix.amherst.edu /user02/befranke/public_html/route66 day9.html
99.07.31 02:37 B C:\frakster\route66\web\index.html --> unix.amherst.edu /user02/befranke/public_html/route66 index.html
99.08.01 13:44 B C:\frakster\route66\web\day10.html --> unix.amherst.edu /user02/befranke/public_html/route66 day10.html
99.08.01 13:44 B C:\frakster\route66\web\index.html --> unix.amherst.edu /user02/befranke/public_html/route66 index.html
99.08.01 13:45 B C:\frakster\route66\web\day11.html --> unix.amherst.edu /user02/befranke/public_html/route66 day11.html
99.08.03 02:28 B C:\frakster\route66\web\day1.html --> unix.amherst.edu /user02/befranke/public_html/route66 day1.html
99.08.03 02:29 B C:\frakster\route66\web\day1.html --> unix.amherst.edu /user02/befranke/public_html/route66 day1.html
99.08.03 02:29 B C:\frakster\route66\web\day10.html --> unix.amherst.edu /user02/befranke/public_html/route66 day10.html
99.08.03 02:29 B C:\frakster\route66\web\day11.html --> unix.amherst.edu /user02/befranke/public_html/route66 day11.html
99.08.03 02:29 B C:\frakster\route66\web\day12.html --> unix.amherst.edu /user02/befranke/public_html/route66 day12.html
99.08.03 02:29 B C:\frakster\route66\web\day2.html --> unix.amherst.edu /user02/befranke/public_html/route66 day2.html
99.08.03 02:29 B C:\frakster\route66\web\day3.html --> unix.amherst.edu /user02/befranke/public_html/route66 day3.html
99.08.03 02:29 B C:\frakster\route66\web\day4.html --> unix.amherst.edu /user02/befranke/public_html/route66 day4.html
99.08.03 02:29 B C:\frakster\route66\web\day5.html --> unix.amherst.edu /user02/befranke/public_html/route66 day5.html
99.08.03 02:29 B C:\frakster\route66\web\day6.html --> unix.amherst.edu /user02/befranke/public_html/route66 day6.html
99.08.03 02:29 B C:\frakster\route66\web\day7.html --> unix.amherst.edu /user02/befranke/public_html/route66 day7.html
99.08.03 02:29 B C:\frakster\route66\web\day8.html --> unix.amherst.edu /user02/befranke/public_html/route66 day8.html
99.08.03 02:29 B C:\frakster\route66\web\day9.html --> unix.amherst.edu /user02/befranke/public_html/route66 day9.html
99.08.03 02:30 B C:\frakster\route66\web\index.html --> unix.amherst.edu /user02/befranke/public_html/route66 index.html
99.08.03 21:47 B C:\frakster\route66\web\day11.html <-- baker on unix /user02/befranke/public_html/route66 day11.html
99.08.03 21:50 B C:\frakster\route66\web\day1.html --> unix.amherst.edu /user02/befranke/public_html/route66 day1.html
99.08.03 21:50 B C:\frakster\route66\web\day10.html --> unix.amherst.edu /user02/befranke/public_html/route66 day10.html
99.08.03 21:50 B C:\frakster\route66\web\day11.html --> unix.amherst.edu /user02/befranke/public_html/route66 day11.html
99.08.03 21:50 B C:\frakster\route66\web\day12.html --> unix.amherst.edu /user02/befranke/public_html/route66 day12.html
99.08.03 21:50 B C:\frakster\route66\web\day13.html --> unix.amherst.edu /user02/befranke/public_html/route66 day13.html
99.08.03 21:50 B C:\frakster\route66\web\day2.html --> unix.amherst.edu /user02/befranke/public_html/route66 day2.html
99.08.03 21:50 B C:\frakster\route66\web\day3.html --> unix.amherst.edu /user02/befranke/public_html/route66 day3.html
99.08.03 21:50 B C:\frakster\route66\web\day4.html --> unix.amherst.edu /user02/befranke/public_html/route66 day4.html
99.08.03 21:50 B C:\frakster\route66\web\day5.html --> unix.amherst.edu /user02/befranke/public_html/route66 day5.html
99.08.03 21:50 B C:\frakster\route66\web\day6.html --> unix.amherst.edu /user02/befranke/public_html/route66 day6.html
99.08.03 21:50 B C:\frakster\route66\web\day7.html --> unix.amherst.edu /user02/befranke/public_html/route66 day7.html
99.08.03 21:50 B C:\frakster\route66\web\day8.html --> unix.amherst.edu /user02/befranke/public_html/route66 day8.html
99.08.03 21:51 B C:\frakster\route66\web\day9.html --> unix.amherst.edu /user02/befranke/public_html/route66 day9.html
99.08.03 21:51 B C:\frakster\route66\web\index.html --> unix.amherst.edu /user02/befranke/public_html/route66 index.html
99.08.03 21:57 B C:\frakster\route66\web\day12.html --> unix.amherst.edu /user02/befranke/public_html/route66 day12.html
99.08.31 16:29 B C:\frakster\route66\web\day14.html --> unix.amherst.edu /user02/befranke/public_html/route66 day14.html
99.08.31 16:29 B C:\frakster\route66\web\day15.html --> unix.amherst.edu /user02/befranke/public_html/route66 day15.html
99.11.26 22:26 B C:\frakster\route66\web\day1.html --> unix.amherst.edu /user02/befranke/public_html/route66 day1.html
99.11.26 22:26 B C:\frakster\route66\web\day10.html --> unix.amherst.edu /user02/befranke/public_html/route66 day10.html
99.11.26 22:26 B C:\frakster\route66\web\day11.html --> unix.amherst.edu /user02/befranke/public_html/route66 day11.html
99.11.26 22:26 B C:\frakster\route66\web\day12.html --> unix.amherst.edu /user02/befranke/public_html/route66 day12.html
99.11.26 22:26 B C:\frakster\route66\web\day13.html --> unix.amherst.edu /user02/befranke/public_html/route66 day13.html
99.11.26 22:26 B C:\frakster\route66\web\day14.html --> unix.amherst.edu /user02/befranke/public_html/route66 day14.html
99.11.26 22:26 B C:\frakster\route66\web\day15.html --> unix.amherst.edu /user02/befranke/public_html/route66 day15.html
99.11.26 22:26 B C:\frakster\route66\web\day2.html --> unix.amherst.edu /user02/befranke/public_html/route66 day2.html
99.11.26 22:26 B C:\frakster\route66\web\day3.html --> unix.amherst.edu /user02/befranke/public_html/route66 day3.html
99.11.26 22:26 B C:\frakster\route66\web\day4.html --> unix.amherst.edu /user02/befranke/public_html/route66 day4.html
99.11.26 22:26 B C:\frakster\route66\web\day5.html --> unix.amherst.edu /user02/befranke/public_html/route66 day5.html
99.11.26 22:26 B C:\frakster\route66\web\day6.html --> unix.amherst.edu /user02/befranke/public_html/route66 day6.html
99.11.26 22:26 B C:\frakster\route66\web\day7.html --> unix.amherst.edu /user02/befranke/public_html/route66 day7.html
99.11.26 22:26 B C:\frakster\route66\web\day8.html --> unix.amherst.edu /user02/befranke/public_html/route66 day8.html
99.11.26 22:26 B C:\frakster\route66\web\day9.html --> unix.amherst.edu /user02/befranke/public_html/route66 day9.html
99.11.26 22:27 B C:\frakster\route66\web\index.html --> unix.amherst.edu /user02/befranke/public_html/route66 index.html
